2025/12/22 20:06:35 --- STARTING NEOVIM GAME ---
2025/12/22 20:06:35 --- TEST PATTERN DRAWN ---
2025/12/22 20:06:35 --- CONNECTING TO NEOVIM ---
2025/12/22 20:06:35 --- INPUT LOOP STARTED ---
2025/12/22 20:06:35 --- SENT REDRAW COMMAND ---
2025/12/22 20:06:38 Key: Down
2025/12/22 20:06:39 Key: Enter
2025/12/22 20:06:40 Key: Rune[:]
2025/12/22 20:06:41 Key: Rune[r]
2025/12/22 20:06:41 Key: Rune[e]
2025/12/22 20:06:41 Key: Rune[d]
2025/12/22 20:06:42 Key: Rune[r]
2025/12/22 20:06:42 Key: Rune[a]
2025/12/22 20:06:42 Key: Rune[w]
2025/12/22 20:06:43 Key: Rune[!]
2025/12/22 20:06:43 Key: Enter
2025/12/22 20:06:44 Key: Backspace
2025/12/22 20:06:44 Key: Backspace
2025/12/22 20:06:45 Key: Down
2025/12/22 20:06:47 Key: Backspace
2025/12/22 20:06:48 Key: Rune[:]
2025/12/22 20:06:49 Key: Rune[h]
2025/12/22 20:06:49 Key: Rune[e]
2025/12/22 20:06:49 Key: Rune[l]
2025/12/22 20:06:49 Key: Rune[p]
2025/12/22 20:06:49 Key: Enter
2025/12/22 20:06:52 Key: Up
2025/12/22 20:06:52 Key: Up
2025/12/22 20:06:52 Key: Up
2025/12/22 20:06:52 Key: Up
2025/12/22 20:06:53 Key: Up
2025/12/22 20:06:53 Key: Down
2025/12/22 20:06:53 Key: Down
2025/12/22 20:06:53 Key: Down
2025/12/22 20:06:54 Key: Down
2025/12/22 20:06:55 Key: Rune[:]
2025/12/22 20:06:56 Key: Rune[r]
2025/12/22 20:06:56 Key: Rune[e]
2025/12/22 20:06:56 Key: Rune[d]
2025/12/22 20:06:57 Key: Rune[r]
2025/12/22 20:06:57 Key: Rune[a]
2025/12/22 20:06:57 Key: Rune[w]
2025/12/22 20:06:58 Key: Rune[!]
2025/12/22 20:06:58 Key: Enter
2025/12/22 20:07:01 Key: Up
2025/12/22 20:07:02 Key: Down
2025/12/22 20:07:03 Key: Rune[j]
2025/12/22 20:07:03 Key: Rune[k]
2025/12/22 20:07:03 Key: Rune[k]
2025/12/22 20:07:04 Key: Rune[k]
2025/12/22 20:07:04 Key: Rune[k]
2025/12/22 20:07:04 Key: Rune[j]
2025/12/22 20:07:04 Key: Enter
2025/12/22 20:07:05 Key: Rune[j]
2025/12/22 20:07:06 Key: Rune[j]
2025/12/22 20:07:12 Key: Rune[:]
2025/12/22 20:07:12 Key: Rune[q]
2025/12/22 20:07:13 Key: Enter
2025/12/22 20:07:14 Key: Enter
2025/12/22 20:07:15 Key: Rune[w]
2025/12/22 20:07:15 Key: Backspace
2025/12/22 20:07:16 Key: Rune[:]
2025/12/22 20:07:17 Key: Rune[q]
2025/12/22 20:07:17 Key: Backspace
2025/12/22 20:07:18 Key: Rune[w]
2025/12/22 20:07:18 Key: Enter
2025/12/22 20:07:20 Key: Rune[:]
2025/12/22 20:07:21 Key: Rune[T]
2025/12/22 20:07:22 Key: Rune[e]
2025/12/22 20:07:22 Key: Rune[l]
2025/12/22 20:07:22 Key: Rune[e]
2025/12/22 20:07:22 Key: Rune[s]
2025/12/22 20:07:22 Key: Rune[c]
2025/12/22 20:07:23 Key: Rune[o]
2025/12/22 20:07:23 Key: Rune[p]
2025/12/22 20:07:23 Key: Rune[e]
2025/12/22 20:07:23 Key: Enter
